SQL> select *
  2  from emp;

     EMPNO ENAME      JOB              MGR HIREDATE         SAL       COMM     DEPTNO                                                                                                                                                                                                                                                                                                                                                                                                                               
---------- ---------- --------- ---------- --------- ---------- ---------- ----------                                                                                                                                                                                                                                                                                                                                                                                                                               
      7369 SMITH      CLERK           7902 17-DEC-80        800                    20                                                                                                                                                                                                                                                                                                                                                                                                                               
      7499 ALLEN      SALESMAN        7698 20-FEB-81       1600        300         30                                                                                                                                                                                                                                                                                                                                                                                                                               
      7521 WARD       SALESMAN        7698 22-FEB-81       1250        500         30                                                                                                                                                                                                                                                                                                                                                                                                                               
      7566 JONES      MANAGER         7839 02-APR-81       2975                    20                                                                                                                                                                                                                                                                                                                                                                                                                               
      7654 MARTIN     SALESMAN        7698 28-SEP-81       1250       1400         30                                                                                                                                                                                                                                                                                                                                                                                                                               
      7698 BLAKE      MANAGER         7839 01-MAY-81       2850                    30                                                                                                                                                                                                                                                                                                                                                                                                                               
      7782 CLARK      MANAGER         7839 09-JUN-81       2450                    10                                                                                                                                                                                                                                                                                                                                                                                                                               
      7788 SCOTT      ANALYST         7566 19-APR-87       3000                    20                                                                                                                                                                                                                                                                                                                                                                                                                               
      7839 KING       PRESIDENT            17-NOV-81       5000                    10                                                                                                                                                                                                                                                                                                                                                                                                                               
      7844 TURNER     SALESMAN        7698 08-SEP-81       1500          0         30                                                                                                                                                                                                                                                                                                                                                                                                                               
      7876 ADAMS      CLERK           7788 23-MAY-87       1100                    20                                                                                                                                                                                                                                                                                                                                                                                                                               
      7900 JAMES      CLERK           7698 03-DEC-81        950                    30                                                                                                                                                                                                                                                                                                                                                                                                                               
      7902 FORD       ANALYST         7566 03-DEC-81       3000                    20                                                                                                                                                                                                                                                                                                                                                                                                                               
      7934 MILLER     CLERK           7782 23-JAN-82       1300                    10                                                                                                                                                                                                                                                                                                                                                                                                                               

14 rows selected.

SQL> INSERT INTO EMP
  2  VALUES(1001,'MOUNI','MANAGER',7802,'27-JUN-23',50000,5000,30);

1 row created.

SQL> SELECT *
  2  FROM EMP;

     EMPNO ENAME      JOB              MGR HIREDATE         SAL       COMM     DEPTNO                                                                                                                                                                                                                                                                                                                                                                                                                               
---------- ---------- --------- ---------- --------- ---------- ---------- ----------                                                                                                                                                                                                                                                                                                                                                                                                                               
      1001 MOUNI      MANAGER         7802 27-JUN-23      50000       5000         30                                                                                                                                                                                                                                                                                                                                                                                                                               
      7369 SMITH      CLERK           7902 17-DEC-80        800                    20                                                                                                                                                                                                                                                                                                                                                                                                                               
      7499 ALLEN      SALESMAN        7698 20-FEB-81       1600        300         30                                                                                                                                                                                                                                                                                                                                                                                                                               
      7521 WARD       SALESMAN        7698 22-FEB-81       1250        500         30                                                                                                                                                                                                                                                                                                                                                                                                                               
      7566 JONES      MANAGER         7839 02-APR-81       2975                    20                                                                                                                                                                                                                                                                                                                                                                                                                               
      7654 MARTIN     SALESMAN        7698 28-SEP-81       1250       1400         30                                                                                                                                                                                                                                                                                                                                                                                                                               
      7698 BLAKE      MANAGER         7839 01-MAY-81       2850                    30                                                                                                                                                                                                                                                                                                                                                                                                                               
      7782 CLARK      MANAGER         7839 09-JUN-81       2450                    10                                                                                                                                                                                                                                                                                                                                                                                                                               
      7788 SCOTT      ANALYST         7566 19-APR-87       3000                    20                                                                                                                                                                                                                                                                                                                                                                                                                               
      7839 KING       PRESIDENT            17-NOV-81       5000                    10                                                                                                                                                                                                                                                                                                                                                                                                                               
      7844 TURNER     SALESMAN        7698 08-SEP-81       1500          0         30                                                                                                                                                                                                                                                                                                                                                                                                                               
      7876 ADAMS      CLERK           7788 23-MAY-87       1100                    20                                                                                                                                                                                                                                                                                                                                                                                                                               
      7900 JAMES      CLERK           7698 03-DEC-81        950                    30                                                                                                                                                                                                                                                                                                                                                                                                                               
      7902 FORD       ANALYST         7566 03-DEC-81       3000                    20                                                                                                                                                                                                                                                                                                                                                                                                                               
      7934 MILLER     CLERK           7782 23-JAN-82       1300                    10                                                                                                                                                                                                                                                                                                                                                                                                                               

15 rows selected.

SQL> SELECT *
  2  
SQL> INSERT INTO EMP
  2  VALUES(1001,'VANDANA','ANALYST',7803,'27-JUN-23',40000,4000,20);
INSERT INTO EMP
*
ERROR at line 1:
ORA-00001: unique constraint (SCOTT.PK_EMP) violated 


SQL> INSERT INTO EMP
  2  VALUES(1002,'VANDANA','ANALYST',7803,'27-JUN-23',40000,4000,20);

1 row created.

SQL> SELECT * FROM EMP;

     EMPNO ENAME      JOB              MGR HIREDATE         SAL       COMM     DEPTNO                                                                                                                                                                                                                                                                                                                                                                                                                               
---------- ---------- --------- ---------- --------- ---------- ---------- ----------                                                                                                                                                                                                                                                                                                                                                                                                                               
      1001 MOUNI      MANAGER         7802 27-JUN-23      50000       5000         30                                                                                                                                                                                                                                                                                                                                                                                                                               
      1002 VANDANA    ANALYST         7803 27-JUN-23      40000       4000         20                                                                                                                                                                                                                                                                                                                                                                                                                               
      7369 SMITH      CLERK           7902 17-DEC-80        800                    20                                                                                                                                                                                                                                                                                                                                                                                                                               
      7499 ALLEN      SALESMAN        7698 20-FEB-81       1600        300         30                                                                                                                                                                                                                                                                                                                                                                                                                               
      7521 WARD       SALESMAN        7698 22-FEB-81       1250        500         30                                                                                                                                                                                                                                                                                                                                                                                                                               
      7566 JONES      MANAGER         7839 02-APR-81       2975                    20                                                                                                                                                                                                                                                                                                                                                                                                                               
      7654 MARTIN     SALESMAN        7698 28-SEP-81       1250       1400         30                                                                                                                                                                                                                                                                                                                                                                                                                               
      7698 BLAKE      MANAGER         7839 01-MAY-81       2850                    30                                                                                                                                                                                                                                                                                                                                                                                                                               
      7782 CLARK      MANAGER         7839 09-JUN-81       2450                    10                                                                                                                                                                                                                                                                                                                                                                                                                               
      7788 SCOTT      ANALYST         7566 19-APR-87       3000                    20                                                                                                                                                                                                                                                                                                                                                                                                                               
      7839 KING       PRESIDENT            17-NOV-81       5000                    10                                                                                                                                                                                                                                                                                                                                                                                                                               
      7844 TURNER     SALESMAN        7698 08-SEP-81       1500          0         30                                                                                                                                                                                                                                                                                                                                                                                                                               
      7876 ADAMS      CLERK           7788 23-MAY-87       1100                    20                                                                                                                                                                                                                                                                                                                                                                                                                               
      7900 JAMES      CLERK           7698 03-DEC-81        950                    30                                                                                                                                                                                                                                                                                                                                                                                                                               
      7902 FORD       ANALYST         7566 03-DEC-81       3000                    20                                                                                                                                                                                                                                                                                                                                                                                                                               
      7934 MILLER     CLERK           7782 23-JAN-82       1300                    10                                                                                                                                                                                                                                                                                                                                                                                                                               

16 rows selected.

SQL> SELECT *
  2  
SQL> INSERT INTO EMP
  2  VALUES(1003,'VANDANA','ANALYST',7803,'27-JUN-23',40000,4000,20);

1 row created.

SQL> INSERT INTO EMP
  2  VALUES(1004,'VANDANA','ANALYST',7803,'27-JUN-23',40000,4000);
INSERT INTO EMP
            *
ERROR at line 1:
ORA-00947: not enough values 


SQL> INSERT INTO EMP
  2  VALUES(10005,'VANDANA','ANALYST',7803,'27-JUN-23',40000,4000,20);
VALUES(10005,'VANDANA','ANALYST',7803,'27-JUN-23',40000,4000,20)
       *
ERROR at line 2:
ORA-01438: value larger than specified precision allowed for this column 


SQL> INSERT INTO EMP
  2  VALUES(1005,'VANDANAREDDY','ANALYST',7803,'27-JUN-23',40000,4000,20);
VALUES(1005,'VANDANAREDDY','ANALYST',7803,'27-JUN-23',40000,4000,20)
            *
ERROR at line 2:
ORA-12899: value too large for column "SCOTT"."EMP"."ENAME" (actual: 12, maximum: 10) 


SQL> INSERT INTO EMP
  2  VALUES(1005,'VANDANAREDDY','ANALYST',7803,'27/06/23',30000,1000,40);
VALUES(1005,'VANDANAREDDY','ANALYST',7803,'27/06/23',30000,1000,40)
            *
ERROR at line 2:
ORA-12899: value too large for column "SCOTT"."EMP"."ENAME" (actual: 12, maximum: 10) 


SQL> INSERT INTO EMP
  2  VALUES(1005,'VANDANA','ANALYST',7803,'27/06/23',30000,1000,20);
VALUES(1005,'VANDANA','ANALYST',7803,'27/06/23',30000,1000,20)
                                     *
ERROR at line 2:
ORA-01843: not a valid month 


SQL> INSERT INTO EMP
  2  VALUES(1005,'VANDANA','ANALYST',7803,'27-JUN-2023',3000,1000,20);

1 row created.

SQL> SELECT *
  2  FROM EMP;

     EMPNO ENAME      JOB              MGR HIREDATE         SAL       COMM     DEPTNO                                                                                                                                                                                                                                                                                                                                                                                                                               
---------- ---------- --------- ---------- --------- ---------- ---------- ----------                                                                                                                                                                                                                                                                                                                                                                                                                               
      1001 MOUNI      MANAGER         7802 27-JUN-23      50000       5000         30                                                                                                                                                                                                                                                                                                                                                                                                                               
      1002 VANDANA    ANALYST         7803 27-JUN-23      40000       4000         20                                                                                                                                                                                                                                                                                                                                                                                                                               
      1003 VANDANA    ANALYST         7803 27-JUN-23      40000       4000         20                                                                                                                                                                                                                                                                                                                                                                                                                               
      1005 VANDANA    ANALYST         7803 27-JUN-23       3000       1000         20                                                                                                                                                                                                                                                                                                                                                                                                                               
      7369 SMITH      CLERK           7902 17-DEC-80        800                    20                                                                                                                                                                                                                                                                                                                                                                                                                               
      7499 ALLEN      SALESMAN        7698 20-FEB-81       1600        300         30                                                                                                                                                                                                                                                                                                                                                                                                                               
      7521 WARD       SALESMAN        7698 22-FEB-81       1250        500         30                                                                                                                                                                                                                                                                                                                                                                                                                               
      7566 JONES      MANAGER         7839 02-APR-81       2975                    20                                                                                                                                                                                                                                                                                                                                                                                                                               
      7654 MARTIN     SALESMAN        7698 28-SEP-81       1250       1400         30                                                                                                                                                                                                                                                                                                                                                                                                                               
      7698 BLAKE      MANAGER         7839 01-MAY-81       2850                    30                                                                                                                                                                                                                                                                                                                                                                                                                               
      7782 CLARK      MANAGER         7839 09-JUN-81       2450                    10                                                                                                                                                                                                                                                                                                                                                                                                                               
      7788 SCOTT      ANALYST         7566 19-APR-87       3000                    20                                                                                                                                                                                                                                                                                                                                                                                                                               
      7839 KING       PRESIDENT            17-NOV-81       5000                    10                                                                                                                                                                                                                                                                                                                                                                                                                               
      7844 TURNER     SALESMAN        7698 08-SEP-81       1500          0         30                                                                                                                                                                                                                                                                                                                                                                                                                               
      7876 ADAMS      CLERK           7788 23-MAY-87       1100                    20                                                                                                                                                                                                                                                                                                                                                                                                                               
      7900 JAMES      CLERK           7698 03-DEC-81        950                    30                                                                                                                                                                                                                                                                                                                                                                                                                               
      7902 FORD       ANALYST         7566 03-DEC-81       3000                    20                                                                                                                                                                                                                                                                                                                                                                                                                               
      7934 MILLER     CLERK           7782 23-JAN-82       1300                    10                                                                                                                                                                                                                                                                                                                                                                                                                               

18 rows selected.

SQL> INSERT INTO EMP
  2  VALUES(1006,'VICKY','PRESIDENT',7804,'27-JUN-2023',3000000,1000,40);
VALUES(1006,'VICKY','PRESIDENT',7804,'27-JUN-2023',3000000,1000,40)
                                                   *
ERROR at line 2:
ORA-01438: value larger than specified precision allowed for this column 


SQL> INSERT INTO EMP
  2  VALUES(1006,'VICKY','PRESIDENT',7804,'27-JUN-2023',30000.6785423,1000,60);
INSERT INTO EMP
*
ERROR at line 1:
ORA-02291: integrity constraint (SCOTT.FK_DEPTNO) violated - parent key not found 


SQL> INSERT INTO DEPT
  2  VALUES(60,'HR','BENGALURU');

1 row created.

SQL> SELECT *
  2  FROM DEPT;

    DEPTNO DNAME          LOC                                                                                                                                                                                                                                                                                                                                                                                                                                                                                       
---------- -------------- -------------                                                                                                                                                                                                                                                                                                                                                                                                                                                                             
        60 HR             BENGALURU                                                                                                                                                                                                                                                                                                                                                                                                                                                                                 
        10 ACCOUNTING     NEW YORK                                                                                                                                                                                                                                                                                                                                                                                                                                                                                  
        20 RESEARCH       DALLAS                                                                                                                                                                                                                                                                                                                                                                                                                                                                                    
        30 SALES          CHICAGO                                                                                                                                                                                                                                                                                                                                                                                                                                                                                   
        40 OPERATIONS     BOSTON                                                                                                                                                                                                                                                                                                                                                                                                                                                                                    

SQL> INSERT INTO EMP
  2  VALUES(1006,'VICKY','PRESIDENT',7804,'27-JUN-2023',30000.6785423,1000,60);

1 row created.

SQL> SELECT *
  2  FROM EMP;

     EMPNO ENAME      JOB              MGR HIREDATE         SAL       COMM     DEPTNO                                                                                                                                                                                                                                                                                                                                                                                                                               
---------- ---------- --------- ---------- --------- ---------- ---------- ----------                                                                                                                                                                                                                                                                                                                                                                                                                               
      1001 MOUNI      MANAGER         7802 27-JUN-23      50000       5000         30                                                                                                                                                                                                                                                                                                                                                                                                                               
      1002 VANDANA    ANALYST         7803 27-JUN-23      40000       4000         20                                                                                                                                                                                                                                                                                                                                                                                                                               
      1003 VANDANA    ANALYST         7803 27-JUN-23      40000       4000         20                                                                                                                                                                                                                                                                                                                                                                                                                               
      1005 VANDANA    ANALYST         7803 27-JUN-23       3000       1000         20                                                                                                                                                                                                                                                                                                                                                                                                                               
      1006 VICKY      PRESIDENT       7804 27-JUN-23   30000.68       1000         60                                                                                                                                                                                                                                                                                                                                                                                                                               
      7369 SMITH      CLERK           7902 17-DEC-80        800                    20                                                                                                                                                                                                                                                                                                                                                                                                                               
      7499 ALLEN      SALESMAN        7698 20-FEB-81       1600        300         30                                                                                                                                                                                                                                                                                                                                                                                                                               
      7521 WARD       SALESMAN        7698 22-FEB-81       1250        500         30                                                                                                                                                                                                                                                                                                                                                                                                                               
      7566 JONES      MANAGER         7839 02-APR-81       2975                    20                                                                                                                                                                                                                                                                                                                                                                                                                               
      7654 MARTIN     SALESMAN        7698 28-SEP-81       1250       1400         30                                                                                                                                                                                                                                                                                                                                                                                                                               
      7698 BLAKE      MANAGER         7839 01-MAY-81       2850                    30                                                                                                                                                                                                                                                                                                                                                                                                                               
      7782 CLARK      MANAGER         7839 09-JUN-81       2450                    10                                                                                                                                                                                                                                                                                                                                                                                                                               
      7788 SCOTT      ANALYST         7566 19-APR-87       3000                    20                                                                                                                                                                                                                                                                                                                                                                                                                               
      7839 KING       PRESIDENT            17-NOV-81       5000                    10                                                                                                                                                                                                                                                                                                                                                                                                                               
      7844 TURNER     SALESMAN        7698 08-SEP-81       1500          0         30                                                                                                                                                                                                                                                                                                                                                                                                                               
      7876 ADAMS      CLERK           7788 23-MAY-87       1100                    20                                                                                                                                                                                                                                                                                                                                                                                                                               
      7900 JAMES      CLERK           7698 03-DEC-81        950                    30                                                                                                                                                                                                                                                                                                                                                                                                                               
      7902 FORD       ANALYST         7566 03-DEC-81       3000                    20                                                                                                                                                                                                                                                                                                                                                                                                                               
      7934 MILLER     CLERK           7782 23-JAN-82       1300                    10                                                                                                                                                                                                                                                                                                                                                                                                                               

19 rows selected.

SQL> INSERT INTO DEPT
  2  VALUES(NULL,'HR','BENGALURU');
VALUES(NULL,'HR','BENGALURU')
       *
ERROR at line 2:
ORA-01400: cannot insert NULL into ("SCOTT"."DEPT"."DEPTNO") 


SQL> INSERT INTO EMP
  2  VALUES(NULL,'VICKY','PRESIDENT',7804,'27-JUN-2023',30000.6785423,1000,60);
VALUES(NULL,'VICKY','PRESIDENT',7804,'27-JUN-2023',30000.6785423,1000,60)
       *
ERROR at line 2:
ORA-01400: cannot insert NULL into ("SCOTT"."EMP"."EMPNO") 


SQL> INSERT INTO EMP
  2  VALUES(2001,NULL,NULL,NULL,'27-JUN-2023',30000.6785423,1000,60);

1 row created.

SQL> SELECT *
  2  FROM EMP;

     EMPNO ENAME      JOB              MGR HIREDATE         SAL       COMM     DEPTNO                                                                                                                                                                                                                                                                                                                                                                                                                               
---------- ---------- --------- ---------- --------- ---------- ---------- ----------                                                                                                                                                                                                                                                                                                                                                                                                                               
      1001 MOUNI      MANAGER         7802 27-JUN-23      50000       5000         30                                                                                                                                                                                                                                                                                                                                                                                                                               
      1002 VANDANA    ANALYST         7803 27-JUN-23      40000       4000         20                                                                                                                                                                                                                                                                                                                                                                                                                               
      1003 VANDANA    ANALYST         7803 27-JUN-23      40000       4000         20                                                                                                                                                                                                                                                                                                                                                                                                                               
      1005 VANDANA    ANALYST         7803 27-JUN-23       3000       1000         20                                                                                                                                                                                                                                                                                                                                                                                                                               
      1006 VICKY      PRESIDENT       7804 27-JUN-23   30000.68       1000         60                                                                                                                                                                                                                                                                                                                                                                                                                               
      2001                                 27-JUN-23   30000.68       1000         60                                                                                                                                                                                                                                                                                                                                                                                                                               
      7369 SMITH      CLERK           7902 17-DEC-80        800                    20                                                                                                                                                                                                                                                                                                                                                                                                                               
      7499 ALLEN      SALESMAN        7698 20-FEB-81       1600        300         30                                                                                                                                                                                                                                                                                                                                                                                                                               
      7521 WARD       SALESMAN        7698 22-FEB-81       1250        500         30                                                                                                                                                                                                                                                                                                                                                                                                                               
      7566 JONES      MANAGER         7839 02-APR-81       2975                    20                                                                                                                                                                                                                                                                                                                                                                                                                               
      7654 MARTIN     SALESMAN        7698 28-SEP-81       1250       1400         30                                                                                                                                                                                                                                                                                                                                                                                                                               
      7698 BLAKE      MANAGER         7839 01-MAY-81       2850                    30                                                                                                                                                                                                                                                                                                                                                                                                                               
      7782 CLARK      MANAGER         7839 09-JUN-81       2450                    10                                                                                                                                                                                                                                                                                                                                                                                                                               
      7788 SCOTT      ANALYST         7566 19-APR-87       3000                    20                                                                                                                                                                                                                                                                                                                                                                                                                               
      7839 KING       PRESIDENT            17-NOV-81       5000                    10                                                                                                                                                                                                                                                                                                                                                                                                                               
      7844 TURNER     SALESMAN        7698 08-SEP-81       1500          0         30                                                                                                                                                                                                                                                                                                                                                                                                                               
      7876 ADAMS      CLERK           7788 23-MAY-87       1100                    20                                                                                                                                                                                                                                                                                                                                                                                                                               
      7900 JAMES      CLERK           7698 03-DEC-81        950                    30                                                                                                                                                                                                                                                                                                                                                                                                                               
      7902 FORD       ANALYST         7566 03-DEC-81       3000                    20                                                                                                                                                                                                                                                                                                                                                                                                                               
      7934 MILLER     CLERK           7782 23-JAN-82       1300                    10                                                                                                                                                                                                                                                                                                                                                                                                                               

20 rows selected.

SQL> INSERT INTO EMP(ENAME)
  2  VALUES('A');
INSERT INTO EMP(ENAME)
*
ERROR at line 1:
ORA-01400: cannot insert NULL into ("SCOTT"."EMP"."EMPNO") 


SQL> INSERT INTO EMP(ENAME,EMPNO)
  2  VALUES('NIKKU',1426);

1 row created.

SQL> SELECT *
  2  FROM EMP;

     EMPNO ENAME      JOB              MGR HIREDATE         SAL       COMM     DEPTNO                                                                                                                                                                                                                                                                                                                                                                                                                               
---------- ---------- --------- ---------- --------- ---------- ---------- ----------                                                                                                                                                                                                                                                                                                                                                                                                                               
      1001 MOUNI      MANAGER         7802 27-JUN-23      50000       5000         30                                                                                                                                                                                                                                                                                                                                                                                                                               
      1002 VANDANA    ANALYST         7803 27-JUN-23      40000       4000         20                                                                                                                                                                                                                                                                                                                                                                                                                               
      1003 VANDANA    ANALYST         7803 27-JUN-23      40000       4000         20                                                                                                                                                                                                                                                                                                                                                                                                                               
      1005 VANDANA    ANALYST         7803 27-JUN-23       3000       1000         20                                                                                                                                                                                                                                                                                                                                                                                                                               
      1006 VICKY      PRESIDENT       7804 27-JUN-23   30000.68       1000         60                                                                                                                                                                                                                                                                                                                                                                                                                               
      2001                                 27-JUN-23   30000.68       1000         60                                                                                                                                                                                                                                                                                                                                                                                                                               
      1426 NIKKU                                                                                                                                                                                                                                                                                                                                                                                                                                                                                                    
      7369 SMITH      CLERK           7902 17-DEC-80        800                    20                                                                                                                                                                                                                                                                                                                                                                                                                               
      7499 ALLEN      SALESMAN        7698 20-FEB-81       1600        300         30                                                                                                                                                                                                                                                                                                                                                                                                                               
      7521 WARD       SALESMAN        7698 22-FEB-81       1250        500         30                                                                                                                                                                                                                                                                                                                                                                                                                               
      7566 JONES      MANAGER         7839 02-APR-81       2975                    20                                                                                                                                                                                                                                                                                                                                                                                                                               
      7654 MARTIN     SALESMAN        7698 28-SEP-81       1250       1400         30                                                                                                                                                                                                                                                                                                                                                                                                                               
      7698 BLAKE      MANAGER         7839 01-MAY-81       2850                    30                                                                                                                                                                                                                                                                                                                                                                                                                               
      7782 CLARK      MANAGER         7839 09-JUN-81       2450                    10                                                                                                                                                                                                                                                                                                                                                                                                                               
      7788 SCOTT      ANALYST         7566 19-APR-87       3000                    20                                                                                                                                                                                                                                                                                                                                                                                                                               
      7839 KING       PRESIDENT            17-NOV-81       5000                    10                                                                                                                                                                                                                                                                                                                                                                                                                               
      7844 TURNER     SALESMAN        7698 08-SEP-81       1500          0         30                                                                                                                                                                                                                                                                                                                                                                                                                               
      7876 ADAMS      CLERK           7788 23-MAY-87       1100                    20                                                                                                                                                                                                                                                                                                                                                                                                                               
      7900 JAMES      CLERK           7698 03-DEC-81        950                    30                                                                                                                                                                                                                                                                                                                                                                                                                               
      7902 FORD       ANALYST         7566 03-DEC-81       3000                    20                                                                                                                                                                                                                                                                                                                                                                                                                               
      7934 MILLER     CLERK           7782 23-JAN-82       1300                    10                                                                                                                                                                                                                                                                                                                                                                                                                               

21 rows selected.

SQL> INSERT INTO EMP(JOB,ENAME,EMPNO,SAL)
  2  VALUES('MANAGER','RAJU',1423,50000);

1 row created.

SQL> SELECT *
  2  FROM EMP;

     EMPNO ENAME      JOB              MGR HIREDATE         SAL       COMM     DEPTNO                                                                                                                                                                                                                                                                                                                                                                                                                               
---------- ---------- --------- ---------- --------- ---------- ---------- ----------                                                                                                                                                                                                                                                                                                                                                                                                                               
      1001 MOUNI      MANAGER         7802 27-JUN-23      50000       5000         30                                                                                                                                                                                                                                                                                                                                                                                                                               
      1002 VANDANA    ANALYST         7803 27-JUN-23      40000       4000         20                                                                                                                                                                                                                                                                                                                                                                                                                               
      1003 VANDANA    ANALYST         7803 27-JUN-23      40000       4000         20                                                                                                                                                                                                                                                                                                                                                                                                                               
      1005 VANDANA    ANALYST         7803 27-JUN-23       3000       1000         20                                                                                                                                                                                                                                                                                                                                                                                                                               
      1006 VICKY      PRESIDENT       7804 27-JUN-23   30000.68       1000         60                                                                                                                                                                                                                                                                                                                                                                                                                               
      2001                                 27-JUN-23   30000.68       1000         60                                                                                                                                                                                                                                                                                                                                                                                                                               
      1426 NIKKU                                                                                                                                                                                                                                                                                                                                                                                                                                                                                                    
      1423 RAJU       MANAGER                             50000                                                                                                                                                                                                                                                                                                                                                                                                                                                     
      7369 SMITH      CLERK           7902 17-DEC-80        800                    20                                                                                                                                                                                                                                                                                                                                                                                                                               
      7499 ALLEN      SALESMAN        7698 20-FEB-81       1600        300         30                                                                                                                                                                                                                                                                                                                                                                                                                               
      7521 WARD       SALESMAN        7698 22-FEB-81       1250        500         30                                                                                                                                                                                                                                                                                                                                                                                                                               
      7566 JONES      MANAGER         7839 02-APR-81       2975                    20                                                                                                                                                                                                                                                                                                                                                                                                                               
      7654 MARTIN     SALESMAN        7698 28-SEP-81       1250       1400         30                                                                                                                                                                                                                                                                                                                                                                                                                               
      7698 BLAKE      MANAGER         7839 01-MAY-81       2850                    30                                                                                                                                                                                                                                                                                                                                                                                                                               
      7782 CLARK      MANAGER         7839 09-JUN-81       2450                    10                                                                                                                                                                                                                                                                                                                                                                                                                               
      7788 SCOTT      ANALYST         7566 19-APR-87       3000                    20                                                                                                                                                                                                                                                                                                                                                                                                                               
      7839 KING       PRESIDENT            17-NOV-81       5000                    10                                                                                                                                                                                                                                                                                                                                                                                                                               
      7844 TURNER     SALESMAN        7698 08-SEP-81       1500          0         30                                                                                                                                                                                                                                                                                                                                                                                                                               
      7876 ADAMS      CLERK           7788 23-MAY-87       1100                    20                                                                                                                                                                                                                                                                                                                                                                                                                               
      7900 JAMES      CLERK           7698 03-DEC-81        950                    30                                                                                                                                                                                                                                                                                                                                                                                                                               
      7902 FORD       ANALYST         7566 03-DEC-81       3000                    20                                                                                                                                                                                                                                                                                                                                                                                                                               
      7934 MILLER     CLERK           7782 23-JAN-82       1300                    10                                                                                                                                                                                                                                                                                                                                                                                                                               

22 rows selected.

SQL> UPDATE EMP
  2  SET SAL=4000
  3  WHERE ENAME='ALLEN';

1 row updated.

SQL> SELECT * FROM EMP;

     EMPNO ENAME      JOB              MGR HIREDATE         SAL       COMM     DEPTNO                                                                                                                                                                                                                                                                                                                                                                                                                               
---------- ---------- --------- ---------- --------- ---------- ---------- ----------                                                                                                                                                                                                                                                                                                                                                                                                                               
      1001 MOUNI      MANAGER         7802 27-JUN-23      50000       5000         30                                                                                                                                                                                                                                                                                                                                                                                                                               
      1002 VANDANA    ANALYST         7803 27-JUN-23      40000       4000         20                                                                                                                                                                                                                                                                                                                                                                                                                               
      1003 VANDANA    ANALYST         7803 27-JUN-23      40000       4000         20                                                                                                                                                                                                                                                                                                                                                                                                                               
      1005 VANDANA    ANALYST         7803 27-JUN-23       3000       1000         20                                                                                                                                                                                                                                                                                                                                                                                                                               
      1006 VICKY      PRESIDENT       7804 27-JUN-23   30000.68       1000         60                                                                                                                                                                                                                                                                                                                                                                                                                               
      2001                                 27-JUN-23   30000.68       1000         60                                                                                                                                                                                                                                                                                                                                                                                                                               
      1426 NIKKU                                                                                                                                                                                                                                                                                                                                                                                                                                                                                                    
      1423 RAJU       MANAGER                             50000                                                                                                                                                                                                                                                                                                                                                                                                                                                     
      7369 SMITH      CLERK           7902 17-DEC-80        800                    20                                                                                                                                                                                                                                                                                                                                                                                                                               
      7499 ALLEN      SALESMAN        7698 20-FEB-81       4000        300         30                                                                                                                                                                                                                                                                                                                                                                                                                               
      7521 WARD       SALESMAN        7698 22-FEB-81       1250        500         30                                                                                                                                                                                                                                                                                                                                                                                                                               
      7566 JONES      MANAGER         7839 02-APR-81       2975                    20                                                                                                                                                                                                                                                                                                                                                                                                                               
      7654 MARTIN     SALESMAN        7698 28-SEP-81       1250       1400         30                                                                                                                                                                                                                                                                                                                                                                                                                               
      7698 BLAKE      MANAGER         7839 01-MAY-81       2850                    30                                                                                                                                                                                                                                                                                                                                                                                                                               
      7782 CLARK      MANAGER         7839 09-JUN-81       2450                    10                                                                                                                                                                                                                                                                                                                                                                                                                               
      7788 SCOTT      ANALYST         7566 19-APR-87       3000                    20                                                                                                                                                                                                                                                                                                                                                                                                                               
      7839 KING       PRESIDENT            17-NOV-81       5000                    10                                                                                                                                                                                                                                                                                                                                                                                                                               
      7844 TURNER     SALESMAN        7698 08-SEP-81       1500          0         30                                                                                                                                                                                                                                                                                                                                                                                                                               
      7876 ADAMS      CLERK           7788 23-MAY-87       1100                    20                                                                                                                                                                                                                                                                                                                                                                                                                               
      7900 JAMES      CLERK           7698 03-DEC-81        950                    30                                                                                                                                                                                                                                                                                                                                                                                                                               
      7902 FORD       ANALYST         7566 03-DEC-81       3000                    20                                                                                                                                                                                                                                                                                                                                                                                                                               
      7934 MILLER     CLERK           7782 23-JAN-82       1300                    10                                                                                                                                                                                                                                                                                                                                                                                                                               

22 rows selected.

SQL> UPDATE EMP
  2  SET SAL=60000
  3  WHERE JOB='MANAGER';

5 rows updated.

SQL> SELECT *
  2  FROM EMP;

     EMPNO ENAME      JOB              MGR HIREDATE         SAL       COMM     DEPTNO                                                                                                                                                                                                                                                                                                                                                                                                                               
---------- ---------- --------- ---------- --------- ---------- ---------- ----------                                                                                                                                                                                                                                                                                                                                                                                                                               
      1001 MOUNI      MANAGER         7802 27-JUN-23      60000       5000         30                                                                                                                                                                                                                                                                                                                                                                                                                               
      1002 VANDANA    ANALYST         7803 27-JUN-23      40000       4000         20                                                                                                                                                                                                                                                                                                                                                                                                                               
      1003 VANDANA    ANALYST         7803 27-JUN-23      40000       4000         20                                                                                                                                                                                                                                                                                                                                                                                                                               
      1005 VANDANA    ANALYST         7803 27-JUN-23       3000       1000         20                                                                                                                                                                                                                                                                                                                                                                                                                               
      1006 VICKY      PRESIDENT       7804 27-JUN-23   30000.68       1000         60                                                                                                                                                                                                                                                                                                                                                                                                                               
      2001                                 27-JUN-23   30000.68       1000         60                                                                                                                                                                                                                                                                                                                                                                                                                               
      1426 NIKKU                                                                                                                                                                                                                                                                                                                                                                                                                                                                                                    
      1423 RAJU       MANAGER                             60000                                                                                                                                                                                                                                                                                                                                                                                                                                                     
      7369 SMITH      CLERK           7902 17-DEC-80        800                    20                                                                                                                                                                                                                                                                                                                                                                                                                               
      7499 ALLEN      SALESMAN        7698 20-FEB-81       4000        300         30                                                                                                                                                                                                                                                                                                                                                                                                                               
      7521 WARD       SALESMAN        7698 22-FEB-81       1250        500         30                                                                                                                                                                                                                                                                                                                                                                                                                               
      7566 JONES      MANAGER         7839 02-APR-81      60000                    20                                                                                                                                                                                                                                                                                                                                                                                                                               
      7654 MARTIN     SALESMAN        7698 28-SEP-81       1250       1400         30                                                                                                                                                                                                                                                                                                                                                                                                                               
      7698 BLAKE      MANAGER         7839 01-MAY-81      60000                    30                                                                                                                                                                                                                                                                                                                                                                                                                               
      7782 CLARK      MANAGER         7839 09-JUN-81      60000                    10                                                                                                                                                                                                                                                                                                                                                                                                                               
      7788 SCOTT      ANALYST         7566 19-APR-87       3000                    20                                                                                                                                                                                                                                                                                                                                                                                                                               
      7839 KING       PRESIDENT            17-NOV-81       5000                    10                                                                                                                                                                                                                                                                                                                                                                                                                               
      7844 TURNER     SALESMAN        7698 08-SEP-81       1500          0         30                                                                                                                                                                                                                                                                                                                                                                                                                               
      7876 ADAMS      CLERK           7788 23-MAY-87       1100                    20                                                                                                                                                                                                                                                                                                                                                                                                                               
      7900 JAMES      CLERK           7698 03-DEC-81        950                    30                                                                                                                                                                                                                                                                                                                                                                                                                               
      7902 FORD       ANALYST         7566 03-DEC-81       3000                    20                                                                                                                                                                                                                                                                                                                                                                                                                               
      7934 MILLER     CLERK           7782 23-JAN-82       1300                    10                                                                                                                                                                                                                                                                                                                                                                                                                               

22 rows selected.

SQL> UPDATE EMP
  2  SET SAL=SAL+(SAL*10/100)
  3  WHERE JOB='CLERK';

4 rows updated.

SQL> SELECT * FROM EMP;

     EMPNO ENAME      JOB              MGR HIREDATE         SAL       COMM     DEPTNO                                                                                                                                                                                                                                                                                                                                                                                                                               
---------- ---------- --------- ---------- --------- ---------- ---------- ----------                                                                                                                                                                                                                                                                                                                                                                                                                               
      1001 MOUNI      MANAGER         7802 27-JUN-23      60000       5000         30                                                                                                                                                                                                                                                                                                                                                                                                                               
      1002 VANDANA    ANALYST         7803 27-JUN-23      40000       4000         20                                                                                                                                                                                                                                                                                                                                                                                                                               
      1003 VANDANA    ANALYST         7803 27-JUN-23      40000       4000         20                                                                                                                                                                                                                                                                                                                                                                                                                               
      1005 VANDANA    ANALYST         7803 27-JUN-23       3000       1000         20                                                                                                                                                                                                                                                                                                                                                                                                                               
      1006 VICKY      PRESIDENT       7804 27-JUN-23   30000.68       1000         60                                                                                                                                                                                                                                                                                                                                                                                                                               
      2001                                 27-JUN-23   30000.68       1000         60                                                                                                                                                                                                                                                                                                                                                                                                                               
      1426 NIKKU                                                                                                                                                                                                                                                                                                                                                                                                                                                                                                    
      1423 RAJU       MANAGER                             60000                                                                                                                                                                                                                                                                                                                                                                                                                                                     
      7369 SMITH      CLERK           7902 17-DEC-80        880                    20                                                                                                                                                                                                                                                                                                                                                                                                                               
      7499 ALLEN      SALESMAN        7698 20-FEB-81       4000        300         30                                                                                                                                                                                                                                                                                                                                                                                                                               
      7521 WARD       SALESMAN        7698 22-FEB-81       1250        500         30                                                                                                                                                                                                                                                                                                                                                                                                                               
      7566 JONES      MANAGER         7839 02-APR-81      60000                    20                                                                                                                                                                                                                                                                                                                                                                                                                               
      7654 MARTIN     SALESMAN        7698 28-SEP-81       1250       1400         30                                                                                                                                                                                                                                                                                                                                                                                                                               
      7698 BLAKE      MANAGER         7839 01-MAY-81      60000                    30                                                                                                                                                                                                                                                                                                                                                                                                                               
      7782 CLARK      MANAGER         7839 09-JUN-81      60000                    10                                                                                                                                                                                                                                                                                                                                                                                                                               
      7788 SCOTT      ANALYST         7566 19-APR-87       3000                    20                                                                                                                                                                                                                                                                                                                                                                                                                               
      7839 KING       PRESIDENT            17-NOV-81       5000                    10                                                                                                                                                                                                                                                                                                                                                                                                                               
      7844 TURNER     SALESMAN        7698 08-SEP-81       1500          0         30                                                                                                                                                                                                                                                                                                                                                                                                                               
      7876 ADAMS      CLERK           7788 23-MAY-87       1210                    20                                                                                                                                                                                                                                                                                                                                                                                                                               
      7900 JAMES      CLERK           7698 03-DEC-81       1045                    30                                                                                                                                                                                                                                                                                                                                                                                                                               
      7902 FORD       ANALYST         7566 03-DEC-81       3000                    20                                                                                                                                                                                                                                                                                                                                                                                                                               
      7934 MILLER     CLERK           7782 23-JAN-82       1430                    10                                                                                                                                                                                                                                                                                                                                                                                                                               

22 rows selected.

SQL> UPDATE EMP
  2  SET DEPTNO=40
  3  WHERE DEPTNO=20;

8 rows updated.

SQL> SELECT * FROM EMP;

     EMPNO ENAME      JOB              MGR HIREDATE         SAL       COMM     DEPTNO                                                                                                                                                                                                                                                                                                                                                                                                                               
---------- ---------- --------- ---------- --------- ---------- ---------- ----------                                                                                                                                                                                                                                                                                                                                                                                                                               
      1001 MOUNI      MANAGER         7802 27-JUN-23      60000       5000         30                                                                                                                                                                                                                                                                                                                                                                                                                               
      1002 VANDANA    ANALYST         7803 27-JUN-23      40000       4000         40                                                                                                                                                                                                                                                                                                                                                                                                                               
      1003 VANDANA    ANALYST         7803 27-JUN-23      40000       4000         40                                                                                                                                                                                                                                                                                                                                                                                                                               
      1005 VANDANA    ANALYST         7803 27-JUN-23       3000       1000         40                                                                                                                                                                                                                                                                                                                                                                                                                               
      1006 VICKY      PRESIDENT       7804 27-JUN-23   30000.68       1000         60                                                                                                                                                                                                                                                                                                                                                                                                                               
      2001                                 27-JUN-23   30000.68       1000         60                                                                                                                                                                                                                                                                                                                                                                                                                               
      1426 NIKKU                                                                                                                                                                                                                                                                                                                                                                                                                                                                                                    
      1423 RAJU       MANAGER                             60000                                                                                                                                                                                                                                                                                                                                                                                                                                                     
      7369 SMITH      CLERK           7902 17-DEC-80        880                    40                                                                                                                                                                                                                                                                                                                                                                                                                               
      7499 ALLEN      SALESMAN        7698 20-FEB-81       4000        300         30                                                                                                                                                                                                                                                                                                                                                                                                                               
      7521 WARD       SALESMAN        7698 22-FEB-81       1250        500         30                                                                                                                                                                                                                                                                                                                                                                                                                               
      7566 JONES      MANAGER         7839 02-APR-81      60000                    40                                                                                                                                                                                                                                                                                                                                                                                                                               
      7654 MARTIN     SALESMAN        7698 28-SEP-81       1250       1400         30                                                                                                                                                                                                                                                                                                                                                                                                                               
      7698 BLAKE      MANAGER         7839 01-MAY-81      60000                    30                                                                                                                                                                                                                                                                                                                                                                                                                               
      7782 CLARK      MANAGER         7839 09-JUN-81      60000                    10                                                                                                                                                                                                                                                                                                                                                                                                                               
      7788 SCOTT      ANALYST         7566 19-APR-87       3000                    40                                                                                                                                                                                                                                                                                                                                                                                                                               
      7839 KING       PRESIDENT            17-NOV-81       5000                    10                                                                                                                                                                                                                                                                                                                                                                                                                               
      7844 TURNER     SALESMAN        7698 08-SEP-81       1500          0         30                                                                                                                                                                                                                                                                                                                                                                                                                               
      7876 ADAMS      CLERK           7788 23-MAY-87       1210                    40                                                                                                                                                                                                                                                                                                                                                                                                                               
      7900 JAMES      CLERK           7698 03-DEC-81       1045                    30                                                                                                                                                                                                                                                                                                                                                                                                                               
      7902 FORD       ANALYST         7566 03-DEC-81       3000                    40                                                                                                                                                                                                                                                                                                                                                                                                                               
      7934 MILLER     CLERK           7782 23-JAN-82       1430                    10                                                                                                                                                                                                                                                                                                                                                                                                                               

22 rows selected.

SQL> UPDAATE EMP
SP2-0734: unknown command beginning "UPDAATE EM..." - rest of line ignored.
SQL> SET
SP2-0545: SET command requires an argument.
SQL> UPDATE EMP
  2  SET JOB='SALESMAN',COMM=5000,DEPTNO=50
  3  WHERE ENAME='NIKKU';
UPDATE EMP
*
ERROR at line 1:
ORA-02291: integrity constraint (SCOTT.FK_DEPTNO) violated - parent key not found 


SQL> UPDATE EMP
  2  SET JOB='SALESMAN',COMM=5000,DEPTNO=50;
UPDATE EMP
*
ERROR at line 1:
ORA-02291: integrity constraint (SCOTT.FK_DEPTNO) violated - parent key not found 


SQL> SELECT * FROM DEPT;

    DEPTNO DNAME          LOC                                                                                                                                                                                                                                                                                                                                                                                                                                                                                       
---------- -------------- -------------                                                                                                                                                                                                                                                                                                                                                                                                                                                                             
        60 HR             BENGALURU                                                                                                                                                                                                                                                                                                                                                                                                                                                                                 
        10 ACCOUNTING     NEW YORK                                                                                                                                                                                                                                                                                                                                                                                                                                                                                  
        20 RESEARCH       DALLAS                                                                                                                                                                                                                                                                                                                                                                                                                                                                                    
        30 SALES          CHICAGO                                                                                                                                                                                                                                                                                                                                                                                                                                                                                   
        40 OPERATIONS     BOSTON                                                                                                                                                                                                                                                                                                                                                                                                                                                                                    

SQL> UPDATE EMP
  2  SET JOB='SALESMAN',COMM=5000,DEPTNO=30
  3  WHERE ENAME='NIKKU';

1 row updated.

SQL> SELECT * FROM EMP;

     EMPNO ENAME      JOB              MGR HIREDATE         SAL       COMM     DEPTNO                                                                                                                                                                                                                                                                                                                                                                                                                               
---------- ---------- --------- ---------- --------- ---------- ---------- ----------                                                                                                                                                                                                                                                                                                                                                                                                                               
      1001 MOUNI      MANAGER         7802 27-JUN-23      60000       5000         30                                                                                                                                                                                                                                                                                                                                                                                                                               
      1002 VANDANA    ANALYST         7803 27-JUN-23      40000       4000         40                                                                                                                                                                                                                                                                                                                                                                                                                               
      1003 VANDANA    ANALYST         7803 27-JUN-23      40000       4000         40                                                                                                                                                                                                                                                                                                                                                                                                                               
      1005 VANDANA    ANALYST         7803 27-JUN-23       3000       1000         40                                                                                                                                                                                                                                                                                                                                                                                                                               
      1006 VICKY      PRESIDENT       7804 27-JUN-23   30000.68       1000         60                                                                                                                                                                                                                                                                                                                                                                                                                               
      2001                                 27-JUN-23   30000.68       1000         60                                                                                                                                                                                                                                                                                                                                                                                                                               
      1426 NIKKU      SALESMAN                                        5000         30                                                                                                                                                                                                                                                                                                                                                                                                                               
      1423 RAJU       MANAGER                             60000                                                                                                                                                                                                                                                                                                                                                                                                                                                     
      7369 SMITH      CLERK           7902 17-DEC-80        880                    40                                                                                                                                                                                                                                                                                                                                                                                                                               
      7499 ALLEN      SALESMAN        7698 20-FEB-81       4000        300         30                                                                                                                                                                                                                                                                                                                                                                                                                               
      7521 WARD       SALESMAN        7698 22-FEB-81       1250        500         30                                                                                                                                                                                                                                                                                                                                                                                                                               
      7566 JONES      MANAGER         7839 02-APR-81      60000                    40                                                                                                                                                                                                                                                                                                                                                                                                                               
      7654 MARTIN     SALESMAN        7698 28-SEP-81       1250       1400         30                                                                                                                                                                                                                                                                                                                                                                                                                               
      7698 BLAKE      MANAGER         7839 01-MAY-81      60000                    30                                                                                                                                                                                                                                                                                                                                                                                                                               
      7782 CLARK      MANAGER         7839 09-JUN-81      60000                    10                                                                                                                                                                                                                                                                                                                                                                                                                               
      7788 SCOTT      ANALYST         7566 19-APR-87       3000                    40                                                                                                                                                                                                                                                                                                                                                                                                                               
      7839 KING       PRESIDENT            17-NOV-81       5000                    10                                                                                                                                                                                                                                                                                                                                                                                                                               
      7844 TURNER     SALESMAN        7698 08-SEP-81       1500          0         30                                                                                                                                                                                                                                                                                                                                                                                                                               
      7876 ADAMS      CLERK           7788 23-MAY-87       1210                    40                                                                                                                                                                                                                                                                                                                                                                                                                               
      7900 JAMES      CLERK           7698 03-DEC-81       1045                    30                                                                                                                                                                                                                                                                                                                                                                                                                               
      7902 FORD       ANALYST         7566 03-DEC-81       3000                    40                                                                                                                                                                                                                                                                                                                                                                                                                               
      7934 MILLER     CLERK           7782 23-JAN-82       1430                    10                                                                                                                                                                                                                                                                                                                                                                                                                               

22 rows selected.

SQL> UPDATE EMP
  2  SET JOB='ENGINEER',COMM=5000,DEPTNO=40;

22 rows updated.

SQL> SELECT * FROM EMP;

     EMPNO ENAME      JOB              MGR HIREDATE         SAL       COMM     DEPTNO                                                                                                                                                                                                                                                                                                                                                                                                                               
---------- ---------- --------- ---------- --------- ---------- ---------- ----------                                                                                                                                                                                                                                                                                                                                                                                                                               
      1001 MOUNI      ENGINEER        7802 27-JUN-23      60000       5000         40                                                                                                                                                                                                                                                                                                                                                                                                                               
      1002 VANDANA    ENGINEER        7803 27-JUN-23      40000       5000         40                                                                                                                                                                                                                                                                                                                                                                                                                               
      1003 VANDANA    ENGINEER        7803 27-JUN-23      40000       5000         40                                                                                                                                                                                                                                                                                                                                                                                                                               
      1005 VANDANA    ENGINEER        7803 27-JUN-23       3000       5000         40                                                                                                                                                                                                                                                                                                                                                                                                                               
      1006 VICKY      ENGINEER        7804 27-JUN-23   30000.68       5000         40                                                                                                                                                                                                                                                                                                                                                                                                                               
      2001            ENGINEER             27-JUN-23   30000.68       5000         40                                                                                                                                                                                                                                                                                                                                                                                                                               
      1426 NIKKU      ENGINEER                                        5000         40                                                                                                                                                                                                                                                                                                                                                                                                                               
      1423 RAJU       ENGINEER                            60000       5000         40                                                                                                                                                                                                                                                                                                                                                                                                                               
      7369 SMITH      ENGINEER        7902 17-DEC-80        880       5000         40                                                                                                                                                                                                                                                                                                                                                                                                                               
      7499 ALLEN      ENGINEER        7698 20-FEB-81       4000       5000         40                                                                                                                                                                                                                                                                                                                                                                                                                               
      7521 WARD       ENGINEER        7698 22-FEB-81       1250       5000         40                                                                                                                                                                                                                                                                                                                                                                                                                               
      7566 JONES      ENGINEER        7839 02-APR-81      60000       5000         40                                                                                                                                                                                                                                                                                                                                                                                                                               
      7654 MARTIN     ENGINEER        7698 28-SEP-81       1250       5000         40                                                                                                                                                                                                                                                                                                                                                                                                                               
      7698 BLAKE      ENGINEER        7839 01-MAY-81      60000       5000         40                                                                                                                                                                                                                                                                                                                                                                                                                               
      7782 CLARK      ENGINEER        7839 09-JUN-81      60000       5000         40                                                                                                                                                                                                                                                                                                                                                                                                                               
      7788 SCOTT      ENGINEER        7566 19-APR-87       3000       5000         40                                                                                                                                                                                                                                                                                                                                                                                                                               
      7839 KING       ENGINEER             17-NOV-81       5000       5000         40                                                                                                                                                                                                                                                                                                                                                                                                                               
      7844 TURNER     ENGINEER        7698 08-SEP-81       1500       5000         40                                                                                                                                                                                                                                                                                                                                                                                                                               
      7876 ADAMS      ENGINEER        7788 23-MAY-87       1210       5000         40                                                                                                                                                                                                                                                                                                                                                                                                                               
      7900 JAMES      ENGINEER        7698 03-DEC-81       1045       5000         40                                                                                                                                                                                                                                                                                                                                                                                                                               
      7902 FORD       ENGINEER        7566 03-DEC-81       3000       5000         40                                                                                                                                                                                                                                                                                                                                                                                                                               
      7934 MILLER     ENGINEER        7782 23-JAN-82       1430       5000         40                                                                                                                                                                                                                                                                                                                                                                                                                               

22 rows selected.

SQL> SPOOL OFF
